[     690ms] [WARNING] Failed to decode downloaded font: http://localhost:3916/_next/static/media/Pragmatica-s.p.0.lqeygr9~120.woff2 @ http://localhost:3916/admin/login:0
[     690ms] [WARNING] OTS parsing error: cmap: language id should be zero: 1
cmap: Languages should be 0 (1)
cmap: Failed to parse table @ http://localhost:3916/admin/login:0
[     691ms] [WARNING] Failed to decode downloaded font: http://localhost:3916/_next/static/media/Pragmatica-s.p.0v5z02xp7-_i9.ttf @ http://localhost:3916/admin/login:0
[     691ms] [WARNING] OTS parsing error: cmap: language id should be zero: 1
cmap: Languages should be 0 (1)
cmap: Failed to parse table @ http://localhost:3916/admin/login:0
[     742ms] [VERBOSE] [DOM] Input elements should have autocomplete attributes (suggested: "new-password"): (More info: https://goo.gl/9p2vKq) %o @ http://localhost:3916/admin/login:0
[     992ms] [INFO] %cDownload the React DevTools for a better development experience: https://react.dev/link/react-devtools font-weight:bold @ http://localhost:3916/_next/static/chunks/node_modules_next_dist_115brz8._.js:2431
[    1437ms] [LOG] [HMR] connected @ http://localhost:3916/_next/static/chunks/node_modules_next_dist_115brz8._.js:2431
[    1538ms] [LOG] %c[Vercel Web Analytics]%c Debug mode is enabled by default in development. No requests will be sent to the server. color: rgb(120, 120, 120) color: inherit @ http://localhost:3916/_next/static/chunks/node_modules_next_dist_115brz8._.js:2431
[    1539ms] [LOG] %c[Vercel Web Analytics]%c Running queued event color: rgb(120, 120, 120) color: inherit pageview {route: /admin/login, path: /admin/login} @ http://localhost:3916/_next/static/chunks/node_modules_next_dist_115brz8._.js:2431
[    1540ms] [LOG] %c[Vercel Web Analytics]%c [view] http://localhost:3916/admin/login color: rgb(120, 120, 120) color: inherit {o: http://localhost:3916/admin/login, sv: 0.1.3, sdkn: @vercel/analytics/next, sdkv: 2.0.1, ts: 1787795575272} /_vercel/insights/view @ http://localhost:3916/_next/static/chunks/node_modules_next_dist_115brz8._.js:2431
[    1542ms] [LOG] %c[Vercel Speed Insights]%c Debug mode is enabled by default in development. No requests will be sent to the server. color: rgb(120, 120, 120) color: inherit @ http://localhost:3916/_next/static/chunks/node_modules_next_dist_115brz8._.js:2431
[    4799ms] [LOG] [Fast Refresh] rebuilding @ http://localhost:3916/_next/static/chunks/node_modules_next_dist_115brz8._.js:2431
[    4883ms] [LOG] [Fast Refresh] done in 190ms @ http://localhost:3916/_next/static/chunks/node_modules_next_dist_115brz8._.js:2431
[   10905ms] [ERROR] Failed to load resource: the server responded with a status of 401 (Unauthorized) @ http://localhost:3916/api/admin/login:0
[   11705ms] [LOG] [Fast Refresh] rebuilding @ http://localhost:3916/_next/static/chunks/node_modules_next_dist_115brz8._.js:2431
[   11776ms] [LOG] [Fast Refresh] done in 177ms @ http://localhost:3916/_next/static/chunks/node_modules_next_dist_115brz8._.js:2431
[   12011ms] [LOG] [Fast Refresh] rebuilding @ http://localhost:3916/_next/static/chunks/node_modules_next_dist_115brz8._.js:2431
[   12069ms] [LOG] [Fast Refresh] done in 166ms @ http://localhost:3916/_next/static/chunks/node_modules_next_dist_115brz8._.js:2431
[   12227ms] [LOG] [Fast Refresh] rebuilding @ http://localhost:3916/_next/static/chunks/node_modules_next_dist_115brz8._.js:2431
[   13029ms] [LOG] [Fast Refresh] done in 911ms @ http://localhost:3916/_next/static/chunks/node_modules_next_dist_115brz8._.js:2431
[   20182ms] [LOG] [Fast Refresh] rebuilding @ http://localhost:3916/_next/static/chunks/node_modules_next_dist_115brz8._.js:2431
[   20249ms] [LOG] [Fast Refresh] done in 168ms @ http://localhost:3916/_next/static/chunks/node_modules_next_dist_115brz8._.js:2431
[   20382ms] [LOG] [Fast Refresh] rebuilding @ http://localhost:3916/_next/static/chunks/node_modules_next_dist_115brz8._.js:2431
[   20412ms] [LOG] [Fast Refresh] done in 138ms @ http://localhost:3916/_next/static/chunks/node_modules_next_dist_115brz8._.js:2431
[   25775ms] [LOG] [Fast Refresh] rebuilding @ http://localhost:3916/_next/static/chunks/node_modules_next_dist_115brz8._.js:2431
[   26333ms] [LOG] [Fast Refresh] done in 667ms @ http://localhost:3916/_next/static/chunks/node_modules_next_dist_115brz8._.js:2431
[   46266ms] [LOG] [Fast Refresh] rebuilding @ http://localhost:3916/_next/static/chunks/node_modules_next_dist_115brz8._.js:2431
[   46430ms] [LOG] [Fast Refresh] done in 275ms @ http://localhost:3916/_next/static/chunks/node_modules_next_dist_115brz8._.js:2431
[   50604ms] [LOG] [Fast Refresh] rebuilding @ http://localhost:3916/_next/static/chunks/node_modules_next_dist_115brz8._.js:2431
[   50921ms] [LOG] [Fast Refresh] done in 425ms @ http://localhost:3916/_next/static/chunks/node_modules_next_dist_115brz8._.js:2431
[   62840ms] [ERROR] WebSocket connection to 'ws://localhost:3916/_next/webpack-hmr?id=ZfuDk5YHgkWQKq9TLQuyr' failed: Error in connection establishment: net::ERR_CONNECTION_REFUSED @ http://localhost:3916/_next/static/chunks/node_modules_next_dist_client_0fhqo1d._.js:13299
[   66194ms] [ERROR] WebSocket connection to 'ws://localhost:3916/_next/webpack-hmr?id=ZfuDk5YHgkWQKq9TLQuyr' failed: Error in connection establishment: net::ERR_CONNECTION_REFUSED @ http://localhost:3916/_next/static/chunks/node_modules_next_dist_client_0fhqo1d._.js:13299
[   69547ms] [ERROR] WebSocket connection to 'ws://localhost:3916/_next/webpack-hmr?id=ZfuDk5YHgkWQKq9TLQuyr' failed: Error in connection establishment: net::ERR_CONNECTION_REFUSED @ http://localhost:3916/_next/static/chunks/node_modules_next_dist_client_0fhqo1d._.js:13299
[   72901ms] [ERROR] WebSocket connection to 'ws://localhost:3916/_next/webpack-hmr?id=ZfuDk5YHgkWQKq9TLQuyr' failed: Error in connection establishment: net::ERR_CONNECTION_REFUSED @ http://localhost:3916/_next/static/chunks/node_modules_next_dist_client_0fhqo1d._.js:13299
[   76242ms] [ERROR] WebSocket connection to 'ws://localhost:3916/_next/webpack-hmr?id=ZfuDk5YHgkWQKq9TLQuyr' failed: Error in connection establishment: net::ERR_CONNECTION_REFUSED @ http://localhost:3916/_next/static/chunks/node_modules_next_dist_client_0fhqo1d._.js:13299
[   83605ms] [ERROR] WebSocket connection to 'ws://localhost:3916/_next/webpack-hmr?id=ZfuDk5YHgkWQKq9TLQuyr' failed: Error in connection establishment: net::ERR_CONNECTION_REFUSED @ http://localhost:3916/_next/static/chunks/node_modules_next_dist_client_0fhqo1d._.js:13299
[   90937ms] [ERROR] WebSocket connection to 'ws://localhost:3916/_next/webpack-hmr?id=ZfuDk5YHgkWQKq9TLQuyr' failed: Error in connection establishment: net::ERR_CONNECTION_REFUSED @ http://localhost:3916/_next/static/chunks/node_modules_next_dist_client_0fhqo1d._.js:13299
